[2026-05-16 06:36:00] ========== Server Monitoring Started ==========
[2026-05-16 06:36:00] CPU Usage = 0%
[2026-05-16 06:36:00] ========== Monitoring Completed ==========
[2026-05-16 06:42:50] ========== Server Monitoring Started ==========
[2026-05-16 06:42:50] CPU Usage = 0%
[2026-05-16 06:42:50] Memory Usage = 6%
[2026-05-16 06:42:50] ========== Monitoring Completed ==========
[2026-05-16 06:46:37] ========== Server Monitoring Started ==========
[2026-05-16 06:46:37] CPU Usage = 0%
[2026-05-16 06:46:37] Memory Usage = 6%
[2026-05-16 06:46:37] Disk Usage = 1%
[2026-05-16 06:46:37] ========== Monitoring Completed ==========
[2026-05-16 06:49:17] ========== Server Monitoring Started ==========
[2026-05-16 06:49:17] CPU Usage = 0%
[2026-05-16 06:49:17] Memory Usage = 6%
[2026-05-16 06:49:17] Disk Usage = 1%
[2026-05-16 06:49:17] Network Status = DOWN
[2026-05-16 06:49:17] ========== Monitoring Completed ==========
[2026-05-16 06:52:38] ========== Server Monitoring Started ==========
[2026-05-16 06:52:38] CPU Usage = 0%
[2026-05-16 06:52:38] Memory Usage = 6%
[2026-05-16 06:52:38] Disk Usage = 1%
[2026-05-16 06:52:38] Network Status = DOWN
[2026-05-16 06:52:38] ========== Monitoring Completed ==========
[2026-05-16 06:55:18] ========== Server Monitoring Started ==========
[2026-05-16 06:55:18] CPU Usage = 0%
[2026-05-16 06:55:18] Memory Usage = 6%
[2026-05-16 06:55:18] Disk Usage = 1%
[2026-05-16 06:55:18] Network Status = UP
[2026-05-16 06:55:18] ========== Monitoring Completed ==========
[2026-05-16 06:57:02] ========== Server Monitoring Started ==========
[2026-05-16 06:57:02] CPU Usage = 0%
[2026-05-16 06:57:02] Memory Usage = 6%
[2026-05-16 06:57:02] Disk Usage = 1%
[2026-05-16 06:57:02] Network Status = UP
[2026-05-16 06:57:02] System Uptime = up 1 hour, 8 minutes
[2026-05-16 06:57:02] ========== Monitoring Completed ==========
[2026-05-16 06:58:48] ========== Server Monitoring Started ==========
[2026-05-16 06:58:48] CPU Usage = 0%
[2026-05-16 06:58:48] Memory Usage = 6%
[2026-05-16 06:58:48] Disk Usage = 1%
[2026-05-16 06:58:48] Network Status = UP
[2026-05-16 06:58:48] System Uptime = up 1 hour, 9 minutes
[2026-05-16 06:58:48] ========== Monitoring Completed ==========
